// Jest Snapshot v1, https://goo.gl/fbAQLP

exports[`Action Buttons should match the snapshot 1`] = `
<div
  className="invitation-btns"
>
  <BigButton
    onClick={[Function]}
    value="Accept"
  />
  <BigButton
    onClick={[Function]}
    value="Reject"
  />
  <BigButton
    value="Request Change"
  />
</div>
`;
