// Jest Snapshot v1, https://goo.gl/fbAQLP

exports[`TripGuests should match the snapshot 1`] = `
<Fragment>
  <Field
    autoFocus={true}
    component={[Function]}
    icon="group_add"
    name="guests"
    placeholder="Guest"
    type="text"
    validate={[Function]}
  />
</Fragment>
`;
