// Jest Snapshot v1, https://goo.gl/fbAQLP

exports[`TripForm should match the snapshot 1`] = `
<Fragment>
  <TripContainer
    initialValues={
      Object {
        "destination": "",
        "guests": "",
        "rest_stops": "",
        "start_date": "",
        "start_location": "",
        "start_time": "",
      }
    }
  >
    <Component>
      <TripInformation />
    </Component>
    <Component>
      <TripGuests />
    </Component>
    <Component>
      <TripRestStops />
    </Component>
  </TripContainer>
</Fragment>
`;
